Test output
Direct write
